
[1m[30m[46m RUN [49m[39m[22m [36mv4.1.5 [39m[90m/home/jbelew/projects/nms_optimizer-web[39m

 [31m❯[39m src/components/AppDialog/Performance/PerformanceData.test.tsx [2m([22m[2m3 tests[22m[2m | [22m[31m2 failed[39m[2m)[22m[33m 561[2mms[22m[39m
     [33m[2m✓[22m[39m should render metric cards [33m 338[2mms[22m[39m
[31m     [31m×[31m should toggle metric selection on click[39m[32m 189[2mms[22m[39m
[31m     [31m×[31m should allow switching between metrics[39m[32m 31[2mms[22m[39m

[31m⎯⎯⎯⎯⎯⎯⎯[39m[1m[41m Failed Tests 2 [49m[22m[31m⎯⎯⎯⎯⎯⎯⎯[39m

[41m[1m FAIL [22m[49m src/components/AppDialog/Performance/PerformanceData.test.tsx[2m > [22mPerformanceData[2m > [22mshould toggle metric selection on click
[31m[1mError[22m: [2mexpect([22m[31melement[31m[2m).toHaveAttribute([22m[32m[32m"aria-pressed"[32m[31m[2m, [22m[32m[32m"true"[32m[31m[2m) // element.getAttribute("aria-pressed") === "true"[22m

Expected the element to have attribute:
[32m  aria-pressed="true"[31m
Received:
[31m  aria-pressed="false"[31m[39m
[36m [2m❯[22m src/components/AppDialog/Performance/PerformanceData.test.tsx:[2m100:19[22m[39m
    [90m 98|[39m   [90m// Click to select[39m
    [90m 99|[39m   fireEvent[33m.[39m[34mclick[39m(lcpCard)[33m;[39m
    [90m100|[39m   [34mexpect[39m(lcpCard)[33m.[39m[34mtoHaveAttribute[39m([32m"aria-pressed"[39m[33m,[39m [32m"true"[39m)[33m;[39m
    [90m   |[39m                   [31m^[39m
    [90m101|[39m
    [90m102|[39m   [90m// Click to deselect[39m

[31m[2m⎯⎯⎯⎯⎯⎯⎯⎯⎯⎯⎯⎯⎯⎯⎯⎯⎯⎯⎯⎯⎯⎯⎯⎯[1/2]⎯[22m[39m

[41m[1m FAIL [22m[49m src/components/AppDialog/Performance/PerformanceData.test.tsx[2m > [22mPerformanceData[2m > [22mshould allow switching between metrics
[31m[1mError[22m: [2mexpect([22m[31melement[31m[2m).toHaveAttribute([22m[32m[32m"aria-pressed"[32m[31m[2m, [22m[32m[32m"true"[32m[31m[2m) // element.getAttribute("aria-pressed") === "true"[22m

Expected the element to have attribute:
[32m  aria-pressed="true"[31m
Received:
[31m  aria-pressed="false"[31m[39m
[36m [2m❯[22m src/components/AppDialog/Performance/PerformanceData.test.tsx:[2m120:19[22m[39m
    [90m118|[39m
    [90m119|[39m   fireEvent[33m.[39m[34mclick[39m(lcpCard)[33m;[39m
    [90m120|[39m   [34mexpect[39m(lcpCard)[33m.[39m[34mtoHaveAttribute[39m([32m"aria-pressed"[39m[33m,[39m [32m"true"[39m)[33m;[39m
    [90m   |[39m                   [31m^[39m
    [90m121|[39m   [34mexpect[39m(fcpCard)[33m.[39m[34mtoHaveAttribute[39m([32m"aria-pressed"[39m[33m,[39m [32m"false"[39m)[33m;[39m
    [90m122|[39m

[31m[2m⎯⎯⎯⎯⎯⎯⎯⎯⎯⎯⎯⎯⎯⎯⎯⎯⎯⎯⎯⎯⎯⎯⎯⎯[2/2]⎯[22m[39m


[2m Test Files [22m [1m[31m1 failed[39m[22m[90m (1)[39m
[2m      Tests [22m [1m[31m2 failed[39m[22m[2m | [22m[1m[32m1 passed[39m[22m[90m (3)[39m
[2m   Start at [22m 18:24:47
[2m   Duration [22m 2.49s[2m (transform 95ms, setup 141ms, import 495ms, tests 561ms, environment 1.05s)[22m

